2026-06-01 14:43:32,817 - INFO - ===================================
2026-06-01 14:43:32,855 - INFO - 🚀 Starting Aegis Sentinel System
2026-06-01 14:43:32,856 - INFO - ===================================
2026-06-01 14:43:32,856 - INFO - 📦 Initializing database...
2026-06-01 14:43:32,858 - INFO - 🤖 Building Telegram application...
2026-06-01 14:43:33,077 - INFO - ⚙️ Loading user handlers...
2026-06-01 14:43:33,078 - INFO - 👑 Loading admin handlers...
2026-06-01 14:43:33,078 - INFO - 🛰️ Starting background jobs...
2026-06-01 14:43:33,119 - INFO - ===================================
2026-06-01 14:43:33,120 - INFO - ✅ Aegis Sentinel is ONLINE
2026-06-01 14:43:33,121 - INFO - 🛡️ Security Layer Active
2026-06-01 14:43:33,122 - INFO - 📡 Awaiting user activity...
2026-06-01 14:43:33,122 - INFO - ===================================
2026-06-01 14:45:21,050 - INFO - ===================================
2026-06-01 14:45:21,053 - INFO - 🚀 Starting Aegis Sentinel System
2026-06-01 14:45:21,054 - INFO - ===================================
2026-06-01 14:45:21,055 - INFO - 📦 Initializing database...
2026-06-01 14:45:21,058 - INFO - 🤖 Building Telegram application...
2026-06-01 14:45:21,229 - INFO - ⚙️ Loading user handlers...
2026-06-01 14:45:21,230 - INFO - 👑 Loading admin handlers...
2026-06-01 14:45:21,231 - INFO - 🛰️ Starting background jobs...
2026-06-01 14:45:21,232 - INFO - ===================================
2026-06-01 14:45:21,233 - INFO - ✅ Aegis Sentinel is ONLINE
2026-06-01 14:45:21,234 - INFO - 🛡️ Security Layer Active
2026-06-01 14:45:21,234 - INFO - 📡 Awaiting user activity...
2026-06-01 14:45:21,235 - INFO - ===================================
2026-06-01 14:53:27,665 - INFO - ===================================
2026-06-01 14:53:27,666 - INFO - 🚀 Starting Aegis Sentinel System
2026-06-01 14:53:27,667 - INFO - ===================================
2026-06-01 14:53:27,667 - INFO - 📦 Initializing database...
2026-06-01 14:53:27,670 - INFO - 🤖 Building Telegram application...
2026-06-01 14:53:27,835 - INFO - ⚙️ Loading user handlers...
2026-06-01 14:53:27,836 - INFO - 👑 Loading admin handlers...
2026-06-01 14:53:27,837 - INFO - 🛰️ Starting background jobs...
2026-06-01 14:53:27,841 - INFO - ===================================
2026-06-01 14:53:27,842 - INFO - ✅ Aegis Sentinel is ONLINE
2026-06-01 14:53:27,843 - INFO - 🛡️ Security Layer Active
2026-06-01 14:53:27,843 - INFO - 📡 Awaiting user activity...
2026-06-01 14:53:27,844 - INFO - ===================================
2026-06-01 14:54:45,223 - INFO - ===================================
2026-06-01 14:54:45,224 - INFO - 🚀 Starting Aegis Sentinel System
2026-06-01 14:54:45,225 - INFO - ===================================
2026-06-01 14:54:45,225 - INFO - 📦 Initializing database...
2026-06-01 14:54:45,228 - INFO - 🤖 Building Telegram application...
2026-06-01 14:54:45,442 - INFO - ⚙️ Loading user handlers...
2026-06-01 14:54:45,443 - INFO - 👑 Loading admin handlers...
2026-06-01 14:54:45,443 - INFO - 🛰️ Starting background jobs...
2026-06-01 14:54:45,445 - INFO - ===================================
2026-06-01 14:54:45,446 - INFO - ✅ Aegis Sentinel is ONLINE
2026-06-01 14:54:45,446 - INFO - 🛡️ Security Layer Active
2026-06-01 14:54:45,449 - INFO - 📡 Awaiting user activity...
2026-06-01 14:54:45,450 - INFO - ===================================
2026-06-01 14:58:22,014 - INFO - ===================================
2026-06-01 14:58:22,015 - INFO - 🚀 Starting Aegis Sentinel System
2026-06-01 14:58:22,015 - INFO - ===================================
2026-06-01 14:58:22,016 - INFO - 📦 Initializing database...
2026-06-01 14:58:22,018 - INFO - 🤖 Building Telegram application...
2026-06-01 14:58:22,184 - INFO - ⚙️ Loading user handlers...
2026-06-01 14:58:22,185 - INFO - 👑 Loading admin handlers...
2026-06-01 14:58:22,185 - INFO - 🛰️ Starting background jobs...
2026-06-01 14:58:22,189 - INFO - ===================================
2026-06-01 14:58:22,190 - INFO - ✅ Aegis Sentinel is ONLINE
2026-06-01 14:58:22,190 - INFO - 🛡️ Security Layer Active
2026-06-01 14:58:22,191 - INFO - 📡 Awaiting user activity...
2026-06-01 14:58:22,191 - INFO - ===================================
2026-06-01 15:00:24,924 - INFO - ===================================
2026-06-01 15:00:24,927 - INFO - 🚀 Starting Aegis Sentinel System
2026-06-01 15:00:24,928 - INFO - ===================================
2026-06-01 15:00:24,929 - INFO - 📦 Initializing database...
2026-06-01 15:00:24,932 - INFO - 🤖 Building Telegram application...
2026-06-01 15:00:25,098 - INFO - ⚙️ Loading user handlers...
2026-06-01 15:00:25,099 - INFO - 👑 Loading admin handlers...
2026-06-01 15:00:25,100 - INFO - 🛰️ Starting background jobs...
2026-06-01 15:00:25,102 - INFO - ===================================
2026-06-01 15:00:25,102 - INFO - ✅ Aegis Sentinel is ONLINE
2026-06-01 15:00:25,103 - INFO - 🛡️ Security Layer Active
2026-06-01 15:00:25,104 - INFO - 📡 Awaiting user activity...
2026-06-01 15:00:25,105 - INFO - ===================================
2026-06-01 15:05:25,160 - INFO - ===================================
2026-06-01 15:05:25,161 - INFO - 🚀 Starting Aegis Sentinel System
2026-06-01 15:05:25,161 - INFO - ===================================
2026-06-01 15:05:25,161 - INFO - 📦 Initializing database...
2026-06-01 15:05:25,163 - INFO - 🤖 Building Telegram application...
2026-06-01 15:13:49,326 - INFO - ===================================
2026-06-01 15:13:49,327 - INFO - 🚀 Starting Aegis Sentinel System
2026-06-01 15:13:49,327 - INFO - ===================================
2026-06-01 15:13:49,327 - INFO - 📦 Initializing database...
2026-06-01 15:13:49,329 - INFO - 🤖 Building Telegram application...
2026-06-01 15:13:49,499 - INFO - ⚙️ Loading user handlers...
2026-06-01 15:13:49,500 - INFO - 👑 Loading admin handlers...
2026-06-01 15:13:49,501 - INFO - 🛰️ Starting background jobs...
2026-06-01 15:13:49,507 - INFO - ===================================
2026-06-01 15:13:49,508 - INFO - ✅ Aegis Sentinel is ONLINE
2026-06-01 15:13:49,508 - INFO - 🛡️ Security Layer Active
2026-06-01 15:13:49,509 - INFO - 📡 Awaiting user activity...
2026-06-01 15:13:49,510 - INFO - ===================================
2026-06-01 15:13:59,506 - INFO - 📡 Background job executed
2026-06-01 15:18:45,325 - INFO - ===================================
2026-06-01 15:18:45,326 - INFO - 🚀 Starting Aegis Sentinel System
2026-06-01 15:18:45,329 - INFO - ===================================
2026-06-01 15:18:45,330 - INFO - 📦 Initializing database...
2026-06-01 15:18:45,332 - INFO - 🤖 Building Telegram application...
2026-06-01 15:19:57,815 - INFO - ===================================
2026-06-01 15:19:57,816 - INFO - 🚀 Starting Aegis Sentinel System
2026-06-01 15:19:57,818 - INFO - ===================================
2026-06-01 15:19:57,818 - INFO - 📦 Initializing database...
2026-06-01 15:19:57,821 - INFO - 🤖 Building Telegram application...
2026-06-01 15:19:57,985 - INFO - ⚙️ Loading user handlers...
2026-06-01 15:19:57,986 - INFO - 👑 Loading admin handlers...
2026-06-01 15:19:57,987 - INFO - 🛰️ Starting background jobs...
2026-06-01 15:19:57,989 - INFO - ===================================
2026-06-01 15:19:57,989 - INFO - ✅ Aegis Sentinel is ONLINE
2026-06-01 15:19:57,990 - INFO - 🛡️ Security Layer Active
2026-06-01 15:19:57,991 - INFO - 📡 Awaiting user activity...
2026-06-01 15:19:57,992 - INFO - ===================================
2026-06-01 15:20:07,990 - INFO - 📡 Background job executed
2026-06-01 15:25:07,991 - INFO - 📡 Background job executed
2026-06-01 15:45:03,605 - INFO - ===================================
2026-06-01 15:45:03,607 - INFO - 🚀 Starting Aegis Sentinel System
2026-06-01 15:45:03,608 - INFO - ===================================
2026-06-01 15:45:03,609 - INFO - 📦 Initializing database...
2026-06-01 15:45:51,840 - INFO - ===================================
2026-06-01 15:45:51,841 - INFO - 🚀 Starting Aegis Sentinel System
2026-06-01 15:45:51,842 - INFO - ===================================
2026-06-01 15:45:51,842 - INFO - 📦 Initializing database...
2026-06-01 15:45:51,902 - INFO - 🤖 Building Telegram application...
2026-06-01 15:45:52,171 - INFO - ⚙️ Loading user handlers...
2026-06-01 15:45:52,172 - INFO - 👑 Loading admin handlers...
2026-06-01 15:45:52,172 - INFO - 🛰️ Starting background jobs...
2026-06-01 15:45:52,176 - INFO - ===================================
2026-06-01 15:45:52,177 - INFO - ✅ Aegis Sentinel is ONLINE
2026-06-01 15:45:52,177 - INFO - 🛡️ Security Layer Active
2026-06-01 15:45:52,177 - INFO - 📡 Awaiting user activity...
2026-06-01 15:45:52,178 - INFO - ===================================
2026-06-01 15:46:02,175 - INFO - 📡 Background job executed
2026-06-01 15:51:26,083 - INFO - ===================================
2026-06-01 15:51:26,084 - INFO - 🚀 Starting Aegis Sentinel System
2026-06-01 15:51:26,085 - INFO - ===================================
2026-06-01 15:51:26,085 - INFO - 📦 Initializing database...
2026-06-01 15:51:26,099 - INFO - 🤖 Building Telegram application...
2026-06-01 15:51:26,349 - INFO - ⚙️ Loading user handlers...
2026-06-01 15:51:26,350 - INFO - 👑 Loading admin handlers...
2026-06-01 15:51:26,350 - INFO - 🛰️ Starting background jobs...
2026-06-01 15:51:26,358 - INFO - ===================================
2026-06-01 15:51:26,358 - INFO - ✅ Aegis Sentinel is ONLINE
2026-06-01 15:51:26,362 - INFO - 🛡️ Security Layer Active
2026-06-01 15:51:26,363 - INFO - 📡 Awaiting user activity...
2026-06-01 15:51:26,366 - INFO - ===================================
2026-06-01 17:54:43,642 - INFO - ===================================
2026-06-01 17:54:43,643 - INFO - 🚀 Starting Aegis Sentinel System
2026-06-01 17:54:43,643 - INFO - ===================================
2026-06-01 17:54:43,644 - INFO - 📦 Initializing database...
2026-06-01 17:54:43,674 - INFO - 🤖 Building Telegram application...
2026-06-01 17:54:43,863 - INFO - ⚙️ Loading user handlers...
2026-06-01 17:54:43,864 - INFO - 👑 Loading admin handlers...
2026-06-01 17:54:43,865 - INFO - 🛰️ Starting background jobs...
2026-06-01 17:54:43,923 - INFO - ===================================
2026-06-01 17:54:43,924 - INFO - ✅ Aegis Sentinel is ONLINE
2026-06-01 17:54:43,924 - INFO - 🛡️ Security Layer Active
2026-06-01 17:54:43,925 - INFO - 📡 Awaiting user activity...
2026-06-01 17:54:43,926 - INFO - ===================================
2026-06-01 17:58:04,436 - INFO - ===================================
2026-06-01 17:58:04,437 - INFO - 🚀 Starting Aegis Sentinel System
2026-06-01 17:58:04,438 - INFO - ===================================
2026-06-01 17:58:04,442 - INFO - 📦 Initializing database...
2026-06-01 17:58:04,448 - INFO - 🤖 Building Telegram application...
2026-06-01 17:58:04,617 - INFO - ⚙️ Loading user handlers...
2026-06-01 17:58:04,619 - INFO - 👑 Loading admin handlers...
2026-06-01 17:58:04,621 - INFO - 🛰️ Starting background jobs...
2026-06-01 17:58:04,623 - INFO - ===================================
2026-06-01 17:58:04,624 - INFO - ✅ Aegis Sentinel is ONLINE
2026-06-01 17:58:04,624 - INFO - 🛡️ Security Layer Active
2026-06-01 17:58:04,625 - INFO - 📡 Awaiting user activity...
2026-06-01 17:58:04,626 - INFO - ===================================
2026-06-01 18:02:14,396 - INFO - ===================================
2026-06-01 18:02:14,397 - INFO - 🚀 Starting Aegis Sentinel System
2026-06-01 18:02:14,398 - INFO - ===================================
2026-06-01 18:02:14,402 - INFO - 📦 Initializing database...
2026-06-01 18:02:14,405 - INFO - 🤖 Building Telegram application...
2026-06-01 18:02:14,557 - INFO - ⚙️ Loading user handlers...
2026-06-01 18:02:14,558 - INFO - 👑 Loading admin handlers...
2026-06-01 18:02:14,559 - INFO - 🛰️ Starting background jobs...
2026-06-01 18:02:14,572 - INFO - ===================================
2026-06-01 18:02:14,573 - INFO - ✅ Aegis Sentinel is ONLINE
2026-06-01 18:02:14,574 - INFO - 🛡️ Security Layer Active
2026-06-01 18:02:14,578 - INFO - 📡 Awaiting user activity...
2026-06-01 18:02:14,579 - INFO - ===================================
2026-06-01 18:07:46,892 - INFO - ===================================
2026-06-01 18:07:46,893 - INFO - 🚀 Starting Aegis Sentinel System
2026-06-01 18:07:46,893 - INFO - ===================================
2026-06-01 18:07:46,893 - INFO - 📦 Initializing database...
2026-06-01 18:07:46,898 - INFO - 🤖 Building Telegram application...
2026-06-01 18:07:47,091 - INFO - ⚙️ Loading user handlers...
2026-06-01 18:07:47,092 - INFO - 👑 Loading admin handlers...
2026-06-01 18:07:47,092 - INFO - 🛰️ Starting background jobs...
2026-06-01 18:07:47,094 - INFO - ===================================
2026-06-01 18:07:47,094 - INFO - ✅ Aegis Sentinel is ONLINE
2026-06-01 18:07:47,094 - INFO - 🛡️ Security Layer Active
2026-06-01 18:07:47,095 - INFO - 📡 Awaiting user activity...
2026-06-01 18:07:47,095 - INFO - ===================================
2026-06-01 18:08:01,811 - INFO - ===================================
2026-06-01 18:08:01,811 - INFO - 🚀 Starting Aegis Sentinel System
2026-06-01 18:08:01,812 - INFO - ===================================
2026-06-01 18:08:01,813 - INFO - 📦 Initializing database...
2026-06-01 18:08:01,817 - INFO - 🤖 Building Telegram application...
2026-06-01 18:08:01,971 - INFO - ⚙️ Loading user handlers...
2026-06-01 18:08:01,972 - INFO - 👑 Loading admin handlers...
2026-06-01 18:08:01,973 - INFO - 🛰️ Starting background jobs...
2026-06-01 18:08:01,974 - INFO - ===================================
2026-06-01 18:08:01,975 - INFO - ✅ Aegis Sentinel is ONLINE
2026-06-01 18:08:01,976 - INFO - 🛡️ Security Layer Active
2026-06-01 18:08:01,976 - INFO - 📡 Awaiting user activity...
2026-06-01 18:08:01,977 - INFO - ===================================
2026-06-01 18:13:36,678 - INFO - ===================================
2026-06-01 18:13:36,679 - INFO - 🚀 Starting Aegis Sentinel System
2026-06-01 18:13:36,679 - INFO - ===================================
2026-06-01 18:13:36,680 - INFO - 📦 Initializing database...
2026-06-01 18:13:36,683 - INFO - 🤖 Building Telegram application...
2026-06-01 18:13:36,834 - INFO - ⚙️ Loading user handlers...
2026-06-01 18:13:36,835 - INFO - 👑 Loading admin handlers...
2026-06-01 18:13:36,835 - INFO - 🛰️ Starting background jobs...
2026-06-01 18:13:36,837 - INFO - ===================================
2026-06-01 18:13:36,837 - INFO - ✅ Aegis Sentinel is ONLINE
2026-06-01 18:13:36,838 - INFO - 🛡️ Security Layer Active
2026-06-01 18:13:36,839 - INFO - 📡 Awaiting user activity...
2026-06-01 18:13:36,840 - INFO - ===================================
